> Task :app:checkKotlinGradlePluginConfigurationErrors SKIPPED
> Task :app:preBuild UP-TO-DATE
> Task :app:preDebugBuild UP-TO-DATE
> Task :app:checkDebugAarMetadata UP-TO-DATE
> Task :app:generateDebugResValues UP-TO-DATE
> Task :app:mapDebugSourceSetPaths UP-TO-DATE
> Task :app:generateDebugResources UP-TO-DATE
> Task :app:mergeDebugResources UP-TO-DATE
> Task :app:packageDebugResources UP-TO-DATE
> Task :app:parseDebugLocalResources UP-TO-DATE
> Task :app:createDebugCompatibleScreenManifests UP-TO-DATE
> Task :app:extractDeepLinksDebug UP-TO-DATE
> Task :app:processDebugMainManifest UP-TO-DATE
> Task :app:processDebugManifest UP-TO-DATE
> Task :app:processDebugManifestForPackage UP-TO-DATE
> Task :app:processDebugResources UP-TO-DATE

> Task :app:compileDebugKotlin FAILED
./gradlew : e: 
file:///C:/Users/user/Desktop/movies_mobile_app/app/src/main/java/com/saad/moviessaad/data/SupabaseService.kt:203:28 
None of the following candidates is applicable:
At line:1 char:1
+ ./gradlew :app:compileDebugKotlin > build_output.txt 2>&1
+ ~~~~~~~~~~~~~~~~~~~~~~~~~~~~~~~~~~~~~~~~~~~~~~~~~~~~~~~~~
    + CategoryInfo          : NotSpecified: (e: file:///C:/U... is applicable::String) [], RemoteException
    + FullyQualifiedErrorId : NativeCommandError
 
suspend fun update(path: String, data: UploadData, upsert: Boolean = ...): String
suspend fun update(path: String, data: ByteArray, upsert: Boolean = ...): String
e: 
file:///C:/Users/user/Desktop/movies_mobile_app/app/src/main/java/com/saad/moviessaad/data/SupabaseService.kt:204:25 
Unresolved reference 'contentType'.
e: 
file:///C:/Users/user/Desktop/movies_mobile_app/app/src/main/java/com/saad/moviessaad/data/SupabaseService.kt:207:28 
None of the following candidates is applicable:
suspend fun upload(path: String, data: UploadData, upsert: Boolean = ...): String
suspend fun upload(path: String, data: ByteArray, upsert: Boolean = ...): String
e: 
file:///C:/Users/user/Desktop/movies_mobile_app/app/src/main/java/com/saad/moviessaad/data/SupabaseService.kt:208:25 
Unresolved reference 'contentType'.

[Incubating] Problems report is available at: file:///C:/Users/user/Desktop/movies_mobile_app/build/reports/problems/problems-report.html

FAILURE: Build failed with an exception.

* What went wrong:
Execution failed for task ':app:compileDebugKotlin'.
> A failure occurred while executing 
org.jetbrains.kotlin.compilerRunner.GradleCompilerRunnerWithWorkers$GradleKotlinCompilerWorkAction
   > Compilation error. See log for more details

* Try:
> Run with --stacktrace option to get the stack trace.
> Run with --info or --debug option to get more log output.
> Run with --scan to generate a Build Scan (powered by Develocity).
> Get more help at https://help.gradle.org.

Deprecated Gradle features were used in this build, making it incompatible with Gradle 10.

You can use '--warning-mode all' to show the individual deprecation warnings and determine if they come from your own scripts or plugins.

For more on this, please refer to https://docs.gradle.org/9.2.1/userguide/command_line_interface.html#sec:command_line_warnings in the Gradle documentation.

BUILD FAILED in 5s
14 actionable tasks: 1 executed, 13 up-to-date
